[31mError: Cannot assign value to function at line  at line : 4
 [0m------------	Scope #0	------------
print	[LIBFUNC]	(line 0) (scope 0)
input	[LIBFUNC]	(line 0) (scope 0)
objectmemberkeys	[LIBFUNC]	(line 0) (scope 0)
objecttotalmembers	[LIBFUNC]	(line 0) (scope 0)
objectcopy	[LIBFUNC]	(line 0) (scope 0)
totalarguments	[LIBFUNC]	(line 0) (scope 0)
argument	[LIBFUNC]	(line 0) (scope 0)
typeof	[LIBFUNC]	(line 0) (scope 0)
strtonum	[LIBFUNC]	(line 0) (scope 0)
sqrt	[LIBFUNC]	(line 0) (scope 0)
cos	[LIBFUNC]	(line 0) (scope 0)
sin	[LIBFUNC]	(line 0) (scope 0)
foo	[USERFUNC]	(line 1) (scope 0)
------------	Scope #1	------------
x	[LOCALVAR]	(line 2) (scope 1)